// Jest Snapshot v1, https://goo.gl/fbAQLP

exports[`Save componet matches snapshot with provided attribute 1`] = `
{
  "asFragment": [Function],
  "baseElement": <body>
    <p
      class="a11y-speak-intro-text"
      hidden="hidden"
      id="a11y-speak-intro-text"
      style="position: absolute;margin: -1px;padding: 0;height: 1px;width: 1px;overflow: hidden;clip: rect(1px, 1px, 1px, 1px);-webkit-clip-path: inset(50%);clip-path: inset(50%);border: 0;word-wrap: normal !important;"
    >
      Notifications
    </p>
    <div
      aria-atomic="true"
      aria-live="assertive"
      aria-relevant="additions text"
      class="a11y-speak-region"
      id="a11y-speak-assertive"
      style="position: absolute;margin: -1px;padding: 0;height: 1px;width: 1px;overflow: hidden;clip: rect(1px, 1px, 1px, 1px);-webkit-clip-path: inset(50%);clip-path: inset(50%);border: 0;word-wrap: normal !important;"
    />
    <div
      aria-atomic="true"
      aria-live="polite"
      aria-relevant="additions text"
      class="a11y-speak-region"
      id="a11y-speak-polite"
      style="position: absolute;margin: -1px;padding: 0;height: 1px;width: 1px;overflow: hidden;clip: rect(1px, 1px, 1px, 1px);-webkit-clip-path: inset(50%);clip-path: inset(50%);border: 0;word-wrap: normal !important;"
    />
    <div>
      <p
        class="wp-block-my-block-name dmg-read-more"
      >
        Read More: 
         
        <a
          href="https://example.com"
        >
          Test Title
        </a>
      </p>
    </div>
  </body>,
  "container": <div>
    <p
      class="wp-block-my-block-name dmg-read-more"
    >
      Read More: 
       
      <a
        href="https://example.com"
      >
        Test Title
      </a>
    </p>
  </div>,
  "debug": [Function],
  "findAllByAltText": [Function],
  "findAllByDisplayValue": [Function],
  "findAllByLabelText": [Function],
  "findAllByPlaceholderText": [Function],
  "findAllByRole": [Function],
  "findAllByTestId": [Function],
  "findAllByText": [Function],
  "findAllByTitle": [Function],
  "findByAltText": [Function],
  "findByDisplayValue": [Function],
  "findByLabelText": [Function],
  "findByPlaceholderText": [Function],
  "findByRole": [Function],
  "findByTestId": [Function],
  "findByText": [Function],
  "findByTitle": [Function],
  "getAllByAltText": [Function],
  "getAllByDisplayValue": [Function],
  "getAllByLabelText": [Function],
  "getAllByPlaceholderText": [Function],
  "getAllByRole": [Function],
  "getAllByTestId": [Function],
  "getAllByText": [Function],
  "getAllByTitle": [Function],
  "getByAltText": [Function],
  "getByDisplayValue": [Function],
  "getByLabelText": [Function],
  "getByPlaceholderText": [Function],
  "getByRole": [Function],
  "getByTestId": [Function],
  "getByText": [Function],
  "getByTitle": [Function],
  "queryAllByAltText": [Function],
  "queryAllByDisplayValue": [Function],
  "queryAllByLabelText": [Function],
  "queryAllByPlaceholderText": [Function],
  "queryAllByRole": [Function],
  "queryAllByTestId": [Function],
  "queryAllByText": [Function],
  "queryAllByTitle": [Function],
  "queryByAltText": [Function],
  "queryByDisplayValue": [Function],
  "queryByLabelText": [Function],
  "queryByPlaceholderText": [Function],
  "queryByRole": [Function],
  "queryByTestId": [Function],
  "queryByText": [Function],
  "queryByTitle": [Function],
  "rerender": [Function],
  "unmount": [Function],
}
`;

exports[`Save componet matches snapshot with value attribute empty 1`] = `
{
  "asFragment": [Function],
  "baseElement": <body>
    <p
      class="a11y-speak-intro-text"
      hidden="hidden"
      id="a11y-speak-intro-text"
      style="position: absolute;margin: -1px;padding: 0;height: 1px;width: 1px;overflow: hidden;clip: rect(1px, 1px, 1px, 1px);-webkit-clip-path: inset(50%);clip-path: inset(50%);border: 0;word-wrap: normal !important;"
    >
      Notifications
    </p>
    <div
      aria-atomic="true"
      aria-live="assertive"
      aria-relevant="additions text"
      class="a11y-speak-region"
      id="a11y-speak-assertive"
      style="position: absolute;margin: -1px;padding: 0;height: 1px;width: 1px;overflow: hidden;clip: rect(1px, 1px, 1px, 1px);-webkit-clip-path: inset(50%);clip-path: inset(50%);border: 0;word-wrap: normal !important;"
    />
    <div
      aria-atomic="true"
      aria-live="polite"
      aria-relevant="additions text"
      class="a11y-speak-region"
      id="a11y-speak-polite"
      style="position: absolute;margin: -1px;padding: 0;height: 1px;width: 1px;overflow: hidden;clip: rect(1px, 1px, 1px, 1px);-webkit-clip-path: inset(50%);clip-path: inset(50%);border: 0;word-wrap: normal !important;"
    />
    <div>
      <p
        class="wp-block-my-block-name dmg-read-more"
      >
        Read More: 
         
        <a />
      </p>
    </div>
  </body>,
  "container": <div>
    <p
      class="wp-block-my-block-name dmg-read-more"
    >
      Read More: 
       
      <a />
    </p>
  </div>,
  "debug": [Function],
  "findAllByAltText": [Function],
  "findAllByDisplayValue": [Function],
  "findAllByLabelText": [Function],
  "findAllByPlaceholderText": [Function],
  "findAllByRole": [Function],
  "findAllByTestId": [Function],
  "findAllByText": [Function],
  "findAllByTitle": [Function],
  "findByAltText": [Function],
  "findByDisplayValue": [Function],
  "findByLabelText": [Function],
  "findByPlaceholderText": [Function],
  "findByRole": [Function],
  "findByTestId": [Function],
  "findByText": [Function],
  "findByTitle": [Function],
  "getAllByAltText": [Function],
  "getAllByDisplayValue": [Function],
  "getAllByLabelText": [Function],
  "getAllByPlaceholderText": [Function],
  "getAllByRole": [Function],
  "getAllByTestId": [Function],
  "getAllByText": [Function],
  "getAllByTitle": [Function],
  "getByAltText": [Function],
  "getByDisplayValue": [Function],
  "getByLabelText": [Function],
  "getByPlaceholderText": [Function],
  "getByRole": [Function],
  "getByTestId": [Function],
  "getByText": [Function],
  "getByTitle": [Function],
  "queryAllByAltText": [Function],
  "queryAllByDisplayValue": [Function],
  "queryAllByLabelText": [Function],
  "queryAllByPlaceholderText": [Function],
  "queryAllByRole": [Function],
  "queryAllByTestId": [Function],
  "queryAllByText": [Function],
  "queryAllByTitle": [Function],
  "queryByAltText": [Function],
  "queryByDisplayValue": [Function],
  "queryByLabelText": [Function],
  "queryByPlaceholderText": [Function],
  "queryByRole": [Function],
  "queryByTestId": [Function],
  "queryByText": [Function],
  "queryByTitle": [Function],
  "rerender": [Function],
  "unmount": [Function],
}
`;
